{"timestamp": "2026-05-13T23:48:15.220000+00:00", "level": "INFO", "source": "api", "message": "Bloom API mounted: /api/shop, /api/bouquets, /api/cart/checkout, /api/orders/{id}, /api/inventory, /api/analytics", "payload": {"workspace_id": "ws_dcc936bc3e6a40c0b7811a7d148bf5f3"}}
{"timestamp": "2026-05-13T23:48:20.870000+00:00", "level": "INFO", "source": "startup", "message": "SQLite schema ready: bouquets=9, orders=3, inventory=6", "payload": {"database": "app/generated/flower_shop.db"}}
{"timestamp": "2026-05-13T23:48:36.410000+00:00", "level": "INFO", "source": "GET /api/shop", "message": "200 OK · loaded shared shop state for client/specialist/manager", "payload": {"bouquets": 9, "orders": 3, "inventory": 6}}
{"timestamp": "2026-05-13T23:48:49.735000+00:00", "level": "INFO", "source": "POST /api/cart/checkout", "message": "201 Created · checkout persisted order and timeline event", "payload": {"order_id": 4, "role": "client"}}
{"timestamp": "2026-05-13T23:49:04.180000+00:00", "level": "INFO", "source": "PATCH /api/orders/4", "message": "200 OK · florist advanced order status to assembly", "payload": {"role": "specialist", "status": "florist_assembling"}}
{"timestamp": "2026-05-13T23:49:19.640000+00:00", "level": "INFO", "source": "GET /api/analytics", "message": "200 OK · manager metrics refreshed from shared state", "payload": {"revenue_rub": 17700, "ready_orders": 1}}
{"timestamp": "2026-05-13T23:49:37.120000+00:00", "level": "INFO", "source": "browser_flow_smoke", "message": "passed · client, specialist and manager pages loaded without server errors", "payload": {"routes": ["/client", "/specialist", "/manager"]}}
{"timestamp": "2026-05-13T23:49:43+00:00", "level": "INFO", "source": "GET /client", "message": "200 OK · rendered client home shell with catalog summary", "payload": {"role": "client", "page": "/client", "duration_ms": 36}}
{"timestamp": "2026-05-13T23:49:47+00:00", "level": "INFO", "source": "GET /client/catalog", "message": "200 OK · catalog page requested bouquets and filters", "payload": {"role": "client", "filters": ["occasion", "palette", "price"], "duration_ms": 42}}
{"timestamp": "2026-05-13T23:49:51+00:00", "level": "INFO", "source": "GET /api/bouquets", "message": "200 OK · returned available bouquets for storefront grid", "payload": {"count": 9, "available": 9, "duration_ms": 18}}
{"timestamp": "2026-05-13T23:49:55+00:00", "level": "INFO", "source": "GET /static/assets/bouquets/bouquet-1.jpg", "message": "200 OK · bouquet image served from static assets", "payload": {"asset": "bouquet-1.jpg", "bytes": 184320}}
{"timestamp": "2026-05-13T23:49:58+00:00", "level": "INFO", "source": "GET /static/assets/bouquets/bouquet-2.jpg", "message": "200 OK · bouquet image served from static assets", "payload": {"asset": "bouquet-2.jpg", "bytes": 177904}}
{"timestamp": "2026-05-13T23:50:02+00:00", "level": "INFO", "source": "GET /client/cart", "message": "200 OK · cart page opened with persisted draft basket", "payload": {"role": "client", "items": 2, "subtotal_rub": 10100}}
{"timestamp": "2026-05-13T23:50:08+00:00", "level": "INFO", "source": "POST /api/cart/checkout", "message": "201 Created · order #4 saved with delivery window and payment method", "payload": {"order_id": 4, "customer": "Екатерина", "total_rub": 10100, "delivery_window": "today 18:00-20:00"}}
{"timestamp": "2026-05-13T23:50:13+00:00", "level": "INFO", "source": "GET /client/orders", "message": "200 OK · client order history refreshed after checkout", "payload": {"role": "client", "orders": 4, "latest_order_id": 4}}
{"timestamp": "2026-05-13T23:50:19+00:00", "level": "INFO", "source": "GET /client/order?id=4", "message": "200 OK · client timeline loaded with new order event", "payload": {"role": "client", "order_id": 4, "timeline_events": 1}}
{"timestamp": "2026-05-13T23:50:26+00:00", "level": "INFO", "source": "GET /specialist", "message": "200 OK · florist dashboard rendered active queue counters", "payload": {"role": "specialist", "active_orders": 4, "low_stock": 0}}
{"timestamp": "2026-05-13T23:50:31+00:00", "level": "INFO", "source": "GET /specialist/queue", "message": "200 OK · florist queue sorted by delivery window", "payload": {"role": "specialist", "orders": [4, 3, 2, 1]}}
{"timestamp": "2026-05-13T23:50:36+00:00", "level": "INFO", "source": "PATCH /api/orders/4", "message": "200 OK · florist accepted order and timeline event appended", "payload": {"role": "specialist", "order_id": 4, "status": "accepted"}}
{"timestamp": "2026-05-13T23:50:42+00:00", "level": "INFO", "source": "GET /api/inventory", "message": "200 OK · inventory levels loaded for assembly screen", "payload": {"items": 6, "low_stock": []}}
{"timestamp": "2026-05-13T23:50:47+00:00", "level": "INFO", "source": "GET /specialist/order?id=4", "message": "200 OK · assembly checklist rendered selected bouquet recipes", "payload": {"role": "specialist", "order_id": 4, "bouquets": 2}}
{"timestamp": "2026-05-13T23:50:53+00:00", "level": "INFO", "source": "PATCH /api/orders/4", "message": "200 OK · florist marked order as being assembled", "payload": {"role": "specialist", "order_id": 4, "status": "florist_assembling"}}
{"timestamp": "2026-05-13T23:51:00+00:00", "level": "INFO", "source": "PATCH /api/inventory", "message": "200 OK · reserved stems and packaging for order assembly", "payload": {"reserved": {"Пион Sarah Bernhardt": 12, "Эвкалипт": 6, "Лента шелковая": 2}, "order_id": 4}}
{"timestamp": "2026-05-13T23:51:06+00:00", "level": "INFO", "source": "PATCH /api/orders/4", "message": "200 OK · replacement note saved for stronger white branch", "payload": {"role": "specialist", "order_id": 4, "note": "замена согласована"}}
{"timestamp": "2026-05-13T23:51:14+00:00", "level": "INFO", "source": "PATCH /api/orders/4", "message": "200 OK · order photographed and moved to ready for courier", "payload": {"role": "specialist", "order_id": 4, "status": "ready_for_courier", "photo_count": 1}}
{"timestamp": "2026-05-13T23:51:21+00:00", "level": "INFO", "source": "GET /manager", "message": "200 OK · manager console rendered revenue and operations cards", "payload": {"role": "manager", "revenue_rub": 27800, "orders_today": 4}}
{"timestamp": "2026-05-13T23:51:27+00:00", "level": "INFO", "source": "GET /manager/orders", "message": "200 OK · manager order board grouped by status", "payload": {"role": "manager", "groups": {"new": 1, "assembling": 1, "ready": 2}}}
{"timestamp": "2026-05-13T23:51:32+00:00", "level": "INFO", "source": "PATCH /api/orders/4", "message": "200 OK · manager raised delivery priority for evening route", "payload": {"role": "manager", "order_id": 4, "priority": "high"}}
{"timestamp": "2026-05-13T23:51:39+00:00", "level": "INFO", "source": "GET /manager/catalog", "message": "200 OK · catalog management table loaded", "payload": {"role": "manager", "bouquets": 9, "hidden": 0}}
{"timestamp": "2026-05-13T23:51:45+00:00", "level": "INFO", "source": "PATCH /api/bouquets/3", "message": "200 OK · manager updated bouquet availability label", "payload": {"role": "manager", "bouquet_id": 3, "available": true}}
{"timestamp": "2026-05-13T23:51:52+00:00", "level": "INFO", "source": "POST /api/bouquets", "message": "201 Created · seasonal bouquet draft added to catalog", "payload": {"role": "manager", "name": "Майский сад", "price_rub": 6900}}
{"timestamp": "2026-05-13T23:51:59+00:00", "level": "INFO", "source": "GET /api/analytics", "message": "200 OK · analytics recalculated conversion, revenue and queue load", "payload": {"revenue_rub": 27800, "orders_today": 4, "conversion_pct": 12.4}}
{"timestamp": "2026-05-13T23:52:05+00:00", "level": "INFO", "source": "GET /manager/analytics", "message": "200 OK · analytics page rendered with daily sales chart data", "payload": {"role": "manager", "points": 7, "duration_ms": 44}}
{"timestamp": "2026-05-13T23:52:11+00:00", "level": "INFO", "source": "GET /api/shop", "message": "200 OK · shared state refreshed after catalog and order updates", "payload": {"bouquets": 10, "orders": 4, "inventory": 6}}
{"timestamp": "2026-05-13T23:52:17+00:00", "level": "INFO", "source": "GET /client", "message": "200 OK · client home revalidated after manager catalog update", "payload": {"role": "client", "featured_bouquets": 4}}
{"timestamp": "2026-05-13T23:52:23+00:00", "level": "INFO", "source": "GET /client/order?id=4", "message": "200 OK · client sees ready-for-courier status and full timeline", "payload": {"role": "client", "order_id": 4, "timeline_events": 6}}
{"timestamp": "2026-05-13T23:52:30+00:00", "level": "INFO", "source": "GET /specialist/stock", "message": "200 OK · stock page shows reserved stems and reorder hints", "payload": {"role": "specialist", "reserved_items": 3, "reorder_required": false}}
{"timestamp": "2026-05-13T23:52:38+00:00", "level": "INFO", "source": "browser_flow_smoke", "message": "passed · navigated all role pages and verified visible controls", "payload": {"routes": ["/client", "/client/catalog", "/client/cart", "/client/orders", "/specialist/queue", "/manager/orders"], "console_errors": 0}}
{"timestamp": "2026-05-13T23:52:47+00:00", "level": "INFO", "source": "acceptance_workflow", "message": "passed · client checkout, florist status update and manager analytics stayed connected", "payload": {"checks": 8, "duration_ms": 1260}}
